 lerchphi() test
  z=-.9999900000000000E+00
  s=0.2000000000000000E+01
  v=0.1000000000000000E+01
acc=0.1000000000000000E-13
Phi=0.8224683266259170E+00  Iterations= 14
