
--------------------------- 
Test program for lerchphi()
v1.0 May 1, 2002
--------------------------- 

 Accuracy eps=1.000000000000000000000000000000000000000000000000000000000000000E-32




 Run 5: 
 ------ 
 regular case (CNCT) 
 ------ 
 z=9.999900000000000000000000000000000000000000000000000000000000000E-1
 s=2.000000000000000000000000000000000000000000000000000000000000000E0
 v=1.0000000000000000000000000000000000000000000000000000000000000000E0
 Flag=0
 Phi=1.644825385246778979947162001912012843012262768093311785531782697E0
 Iterations=34


 Run 6: 
 ------ 
 regular case (delta) 
 ------ 
 z=-9.999900000000000000000000000000000000000000000000000000000000000E-1
 s=2.000000000000000000000000000000000000000000000000000000000000000E0
 v=1.0000000000000000000000000000000000000000000000000000000000000000E0
 Flag=0
 Phi=8.224683266259164962042851335653246441895637970562274214852263019E-1
 Iterations=33


 Run 7: 
 ------ 
 regular case (CNCT) 
 ------ 
 z=9.999900000000000000000000000000000000000000000000000000000000000E-1
 s=2.000000000000000000000000000000000000000000000000000000000000000E0
 v=1.000000000000000000000000000000000000000000000000000000000000000E3
 Flag=0
 Phi=9.597148970996546602982423147799551495243208014566512765344364999E-4
 Iterations=38


 Run 8: 
 ------ 
 regular case (pow ser) 
 ------ 
 z=3.000000000000000000000000000000000000000000000000000000000000000E-1
 s=2.000000000000000000000000000000000000000000000000000000000000000E0
 v=-4.500000000000000000000000000000000000000000000000000000000000000E0
 Flag=0
 Phi=1.427580813760309425989400612727344575585892392948678247448128962E-1
 Iterations=54


 Run 9: 
 ------ 
 regular case (pow ser) 
 ------ 
 z=1.000000000000000000000000000000000000000000000000000000000000000E-5
 s=2.000000000000000000000000000000000000000000000000000000000000000E0
 v=1.0000000000000000000000000000000000000000000000000000000000000000E0
 Flag=0
 Phi=1.000002500011111173611511113888909297052154195011337868480725624E0
 Iterations=7


 Run 10: 
 ------ 
 regular case (pow ser) 
 ------ 
 z=-6.300000000000000000000000000000000000000000000000000000000000000E-5
 s=2.000000000000000000000000000000000000000000000000000000000000000E0
 v=1.0000000000000000000000000000000000000000000000000000000000000000E0
 Flag=0
 Phi=9.999842504409843726925908735941782944275130156250000000000000000E-1
 Iterations=8


 Run 11: 
 ------ 
 regular case (pow ser) 
 ------ 
 z=3.470992997643547900000000000000000000000000000000000000000000000E-6
 s=1.0000000000000000000000000000000000000000000000000000000000000000E0
 v=1.517241379310344800000000000000000000000000000000000000000000000E0
 Flag=0
 Phi=6.590922879819636657497195152954528649026958328609155770820452020E-1
 Iterations=6


 Run 12: 
 ------ 
 regular case (pow ser) 
 ------ 
 z=3.000000000000000000000000000000000000000000000000000000000000000E-4
 s=2.000000000000000000000000000000000000000000000000000000000000000E0
 v=-3.000000000000010000000000000000000000000000000000000000000000000E0
 Flag=0
 Phi=2.700000000000000001111862011111184702261513842074602934317014726E17
 Iterations=9
